\BOOKMARK [1][-]{section.1}{\376\377\174\373\176\337\152\041\127\213\116\016\225\356\230\230\133\232\116\111}{}% 1
\BOOKMARK [2][-]{subsection.1.1}{\376\377\117\030\123\026\225\356\230\230\377\010\150\007\121\306\137\142\137\017\377\011}{section.1}% 2
\BOOKMARK [2][-]{subsection.1.2}{\376\377\173\046\123\367\210\150}{section.1}% 3
\BOOKMARK [1][-]{section.2}{\376\377\117\341\123\367\152\041\127\213\116\016\000C\000S\000I\213\357\135\356\152\041\127\213}{}% 4
\BOOKMARK [2][-]{subsection.2.1}{\376\377\220\032\117\341\117\341\123\367\152\041\127\213}{section.2}% 5
\BOOKMARK [2][-]{subsection.2.2}{\376\377\141\037\167\345\117\341\123\367\152\041\127\213}{section.2}% 6
\BOOKMARK [2][-]{subsection.2.3}{\376\377\116\015\133\214\177\216\000C\000S\000I\152\041\127\213}{section.2}% 7
\BOOKMARK [1][-]{section.3}{\376\377\176\246\147\137\147\141\116\366\143\250\133\374\377\010\220\032\117\341\116\016\141\037\167\345\377\011}{}% 8
\BOOKMARK [2][-]{subsection.3.1}{\376\377\220\032\117\341\000S\000I\000N\000R\133\232\116\111\116\016\147\000\127\117\140\305\121\265\122\006\147\220}{section.3}% 9
\BOOKMARK [2][-]{subsection.3.2}{\376\377\220\032\117\341\234\201\150\322\140\047\126\340\133\120\116\016\225\350\226\120}{section.3}% 10
\BOOKMARK [2][-]{subsection.3.3}{\376\377\141\037\167\345\000S\000I\000N\000R\116\016\123\071\221\115\156\344\154\342}{section.3}% 11
\BOOKMARK [2][-]{subsection.3.4}{\376\377\141\037\167\345\234\201\150\322\140\047\126\340\133\120\116\016\225\350\226\120}{section.3}% 12
\BOOKMARK [2][-]{subsection.3.5}{\376\377\141\037\167\345\000P\000C\000R\000B\176\246\147\137\116\016\000F\000I\000M\121\370\140\047\213\301\146\016}{section.3}% 13
\BOOKMARK [1][-]{section.4}{\376\377\225\356\230\230\121\370\123\026\116\016\000S\000D\000P\221\315\147\204}{}% 14
\BOOKMARK [2][-]{subsection.4.1}{\376\377\121\150\134\100\123\330\221\317\143\320\123\107\116\016\123\112\153\143\133\232\147\176\137\033\377\010\000S\000D\000R\377\011}{section.4}% 15
\BOOKMARK [2][-]{subsection.4.2}{\376\377\127\372\116\216\000S\000-\000P\000r\000o\000c\000e\000d\000u\000r\000e\166\204\220\032\117\341\234\201\150\322\140\047\217\154\123\026}{section.4}% 16
\BOOKMARK [2][-]{subsection.4.3}{\376\377\141\037\167\345\234\201\150\322\176\246\147\137\377\010\123\357\220\011\377\011}{section.4}% 17
\BOOKMARK [2][-]{subsection.4.4}{\376\377\141\037\167\345\176\246\147\137\166\204\121\370\116\377\134\004\213\301\146\016}{section.4}% 18
\BOOKMARK [2][-]{subsection.4.5}{\376\377\147\000\176\310\173\111\145\110\123\357\211\343\166\204\000S\000D\000P\152\041\127\213}{section.4}% 19
\BOOKMARK [1][-]{section.5}{\376\377\227\142\124\021\162\151\164\006\123\357\133\236\163\260\140\047\166\204\154\342\147\137\140\142\131\015}{}% 20
\BOOKMARK [2][-]{subsection.5.1}{\376\377\225\356\230\230\200\314\146\157}{section.5}% 21
\BOOKMARK [2][-]{subsection.5.2}{\376\377\000A\000l\000g\000o\000r\000i\000t\000h\000m\000\040\0001\377\032\232\330\145\257\226\217\147\072\123\026\171\351\116\000\140\142\131\015}{section.5}% 22
\BOOKMARK [2][-]{subsection.5.3}{\376\377\122\237\163\207\177\051\145\076\145\160\133\146\117\335\213\301}{section.5}% 23
\BOOKMARK [1][-]{section.6}{\376\377\117\116\131\015\147\102\136\246\225\355\137\017\211\343\127\372\121\306\173\227\154\325}{}% 24
\BOOKMARK [2][-]{subsection.6.1}{\376\377\120\107\213\276\147\141\116\366}{section.6}% 25
\BOOKMARK [2][-]{subsection.6.2}{\376\377\000Z\000F\154\342\147\137\142\020\137\142}{section.6}% 26
\BOOKMARK [2][-]{subsection.6.3}{\376\377\141\037\167\345\154\342\147\137}{section.6}% 27
\BOOKMARK [2][-]{subsection.6.4}{\376\377\000A\000l\000g\000o\000r\000i\000t\000h\000m\000\040\0002\377\032\225\355\137\017\154\102\211\343\126\150}{section.6}% 28
\BOOKMARK [1][-]{section.7}{\376\377\131\015\147\102\136\246\133\371\153\324\122\006\147\220}{}% 29
\BOOKMARK [2][-]{subsection.7.1}{\376\377\000S\000D\000P\154\102\211\343\131\015\147\102\136\246}{section.7}% 30
\BOOKMARK [2][-]{subsection.7.2}{\376\377\225\355\137\017\211\343\131\015\147\102\136\246}{section.7}% 31
\BOOKMARK [1][-]{section.8}{\376\377\123\357\210\114\140\047\147\141\116\366}{}% 32
\BOOKMARK [2][-]{subsection.8.1}{\376\377\137\305\211\201\147\141\116\366}{section.8}% 33
\BOOKMARK [2][-]{subsection.8.2}{\376\377\116\015\123\357\210\114\140\305\137\142}{section.8}% 34
\BOOKMARK [1][-]{section.9}{\376\377\121\163\225\056\121\154\137\017\154\107\140\073}{}% 35
\BOOKMARK [1][-]{section.10}{\376\377\176\323\213\272\116\016\134\125\147\033}{}% 36
